// Jest Snapshot v1, https://goo.gl/fbAQLP

exports[`tests RecipeSteps renders RecipeSteps component 1`] = `
<Styled(Content)>
  <Styled(ViewNB)
    style={
      Object {
        "marginBottom": 35,
      }
    }
  >
    <ListViewMock
      dataSource={
        ListViewDataSource {
          "items": 0,
        }
      }
      enableEmptySections={true}
      renderRow={[Function]}
      renderScrollComponent={[Function]}
    />
  </Styled(ViewNB)>
</Styled(Content)>
`;
