// Jest Snapshot v1, https://goo.gl/fbAQLP

exports[`tests the IngredientResultsList component renders IngredientResultsList component properly 1`] = `
<View
  style={
    Object {
      "flex": 1,
    }
  }
>
  <ActivityIndicator
    animating={true}
    color="green"
    hidesWhenStopped={true}
    size="large"
    style={
      Object {
        "height": 80,
      }
    }
    virtual={undefined}
  />
</View>
`;
